                              1 ;--------------------------------------------------------
                              2 ; File Created by SDCC : free open source ANSI-C Compiler
                              3 ; Version 3.8.0 #10562 (MINGW64)
                              4 ;--------------------------------------------------------
                              5 	.module sub1
                              6 	.optsdcc -mhc08
                              7 	
                              8 	.area HOME    (CODE)
                              9 	.area GSINIT0 (CODE)
                             10 	.area GSINIT  (CODE)
                             11 	.area GSFINAL (CODE)
                             12 	.area CSEG    (CODE)
                             13 	.area XINIT   (CODE)
                             14 	.area CONST   (CODE)
                             15 	.area DSEG    (PAG)
                             16 	.area OSEG    (PAG, OVR)
                             17 	.area XSEG
                             18 	.area XISEG
                             19 ;--------------------------------------------------------
                             20 ; Public variables in this module
                             21 ;--------------------------------------------------------
                             22 	.globl _sub1
                             23 ;--------------------------------------------------------
                             24 ; ram data
                             25 ;--------------------------------------------------------
                             26 	.area DSEG    (PAG)
                             27 ;--------------------------------------------------------
                             28 ; overlayable items in ram 
                             29 ;--------------------------------------------------------
                             30 ;--------------------------------------------------------
                             31 ; absolute ram data
                             32 ;--------------------------------------------------------
                             33 	.area IABS    (ABS)
                             34 	.area IABS    (ABS)
                             35 ;--------------------------------------------------------
                             36 ; absolute external ram data
                             37 ;--------------------------------------------------------
                             38 	.area XABS    (ABS)
                             39 ;--------------------------------------------------------
                             40 ; external initialized ram data
                             41 ;--------------------------------------------------------
                             42 	.area XISEG
                             43 ;--------------------------------------------------------
                             44 ; extended address mode data
                             45 ;--------------------------------------------------------
                             46 	.area XSEG
                             47 ;--------------------------------------------------------
                             48 ; global & static initialisations
                             49 ;--------------------------------------------------------
                             50 	.area HOME    (CODE)
                             51 	.area GSINIT  (CODE)
                             52 	.area GSFINAL (CODE)
                             53 	.area GSINIT  (CODE)
                             54 ;--------------------------------------------------------
                             55 ; Home
                             56 ;--------------------------------------------------------
                             57 	.area HOME    (CODE)
                             58 	.area HOME    (CODE)
                             59 ;--------------------------------------------------------
                             60 ; code
                             61 ;--------------------------------------------------------
                             62 	.area CSEG    (CODE)
                             63 ;------------------------------------------------------------
                             64 ;Allocation info for local variables in function 'sub1'
                             65 ;------------------------------------------------------------
                             66 ;sub1.c:6: void sub1(){
                             67 ;	-----------------------------------------
                             68 ;	 function sub1
                             69 ;	-----------------------------------------
                             70 ;	Register assignment is optimal.
                             71 ;	Stack space usage: 0 bytes.
   0000                      72 _sub1:
                             73 ;sub1.c:10: __endasm;
   0000 A6 01         [ 2]   74 	    lda	#1
   0002 9D            [ 1]   75 	    nop
                             76 ;sub1.c:11: }
   0003 81            [ 4]   77 	rts
                             78 	.area CSEG    (CODE)
                             79 	.area CONST   (CODE)
                             80 	.area XINIT   (CODE)
                             81 	.area CABS    (ABS,CODE)
